
> vite_react_shadcn_ts@0.0.0 build
> vite build

node.exe : Der Befehl 
"vite" ist entweder falsch 
geschrieben oder
In Zeile:1 Zeichen:1
+ & "C:\Program 
Files\nodejs/node.exe" 
"C:\Program 
Files\nodejs/node_mo ...
+ ~~~~~~~~~~~~~~~~~~~~~~~~~
~~~~~~~~~~~~~~~~~~~~~~~~~~~
~~~~~~~~~~~~~~~~~
    + CategoryInfo         
     : NotSpeci    fied: 
(Der Befehl     
"vit...eschriebe    n 
oder:String) []    , 
RemoteException
    + FullyQualifiedE    
rrorId : NativeCo    
mmandError
 
konnte nicht gefunden 
werden.
